---
source: crates/pattern_cli/src/tui/app.rs
expression: output
---
[you] Hello                                                                         agent processing query...
                                                                                     panel ─────────────────────────────
World










❯

 @supervisor │ 0 agents │ 0 ctx │ ● connected │ panel: visible
