---
source: crates/pattern_cli/src/tui/app.rs
expression: output
---
[you] Analyze this                                                                   thinking ──────────────────────────
                                                                                    Let me consider the options
▸ thinking: Let me consider the options carefully... Option A is good. Option B is bcarefully...
I recommend option B.                                                               Option A is good.
Stop: EndTurn                                                                       Option B is better.








❯

 no fronting configured │ 0 agents │ 0 ctx │ ● connected │ panel: visible
